// Jest Snapshot v1, https://goo.gl/fbAQLP

exports[`should take a snapshot 1`] = `
<DocumentFragment>
  <div
    class="css-view-1dbjc4n"
    style="align-items: left; padding-left: 16px; padding-right: 16px; width: 80%;"
  >
    <div
      class="css-view-1dbjc4n"
    >
      <div
        class="css-view-1dbjc4n r-alignItems-z6ln5t r-flex-13awgt0 r-flexDirection-1euycsn r-flexWrap-1w6e6rj r-marginTop-np636n"
      >
        <div
          class="css-view-1dbjc4n r-paddingLeft-1qhn6m8 r-paddingRight-i023vh"
        >
          <a>
            <div
              class="css-view-1dbjc4n r-flexBasis-1mlwlqe r-overflow-1udh08x r-zIndex-417010"
              style="height: 300px;"
            >
              <div
                class="css-view-1dbjc4n r-backgroundColor-1niwhzg r-backgroundPosition-vvn4in r-backgroundRepeat-u6sd8q r-backgroundSize-4gszlv r-bottom-1p0dtai r-height-1pi2tsx r-left-1d2f490 r-position-u8s1d r-right-zchlnj r-top-ipm5af r-width-13qz1uu r-zIndex-1wyyakw"
                style="background-image: url(our-projects.png);"
              />
              <img
                alt=""
                class="css-accessibilityImage-9pa8cd"
                draggable="false"
                src="our-projects.png"
              />
            </div>
          </a>
        </div>
        <div
          class="css-view-1dbjc4n r-alignItems-z6ln5t r-flex-13awgt0 r-flexDirection-1fspl2j r-flexGrow-16y2uox r-minWidth-pfqljz"
        >
          <div
            class="css-text-901oao r-alignItems-1habvwh r-color-1qovj5m r-flex-1d9yedq r-fontSize-1ui5ee8 r-fontWeight-16dba41 r-paddingBottom-1mdbw0j r-paddingLeft-1qhn6m8 r-paddingRight-i023vh r-width-13qz1uu"
            dir="auto"
          >
            Projects
          </div>
          <div
            class="css-text-901oao r-color-1qovj5m r-flex-13awgt0 r-flexGrow-16y2uox r-fontSize-1i10wst r-fontWeight-aruset r-marginTop-1v1z2uz r-paddingLeft-1qhn6m8 r-paddingRight-i023vh"
            dir="auto"
          >
            Our open source projects are oriented to help not only women in tech but also increase diversity and inclusion in STEM. We have multiple projects on our GitHub account and we are trying to keep up to date latest technologies and modern programming and scripting languages.
          </div>
        </div>
      </div>
      <div
        class="css-view-1dbjc4n r-flexWrap-1w6e6rj"
        style="flex-direction: row;"
      >
        <div
          class="css-view-1dbjc4n"
          style="align-items: center; background-color: rgb(231, 237, 253); border-top-left-radius: 4px; border-top-right-radius: 4px; border-bottom-right-radius: 4px; border-bottom-left-radius: 4px; box-shadow: 0px 2px 4px rgba(0,0,0,0.20); margin: 16px 16px 16px 16px; padding: 12px 12px 12px 12px; transform: scale(1);"
        >
          <div
            class="css-view-1dbjc4n r-flex-13awgt0 r-overflow-1udh08x"
            style="border-top-left-radius: 4px; border-top-right-radius: 4px; border-bottom-right-radius: 4px; border-bottom-left-radius: 4px; width: 286px;"
          >
            <a>
              <div
                class="css-view-1dbjc4n r-flexBasis-1mlwlqe r-overflow-1udh08x r-zIndex-417010"
                style="width: 286px;"
              >
                <div
                  class="css-view-1dbjc4n r-backgroundColor-1niwhzg r-backgroundPosition-vvn4in r-backgroundRepeat-u6sd8q r-backgroundSize-4gszlv r-bottom-1p0dtai r-height-1pi2tsx r-left-1d2f490 r-position-u8s1d r-right-zchlnj r-top-ipm5af r-width-13qz1uu r-zIndex-1wyyakw"
                  style="background-image: url(placeholder.png);"
                />
                <img
                  alt=""
                  class="css-accessibilityImage-9pa8cd"
                  draggable="false"
                  src="placeholder.png"
                />
              </div>
            </a>
            <div
              class="css-text-901oao r-color-1qovj5m r-fontSize-1i10wst r-fontWeight-16dba41 r-marginTop-knv0ih"
              dir="auto"
            >
              Mentorship Android
            </div>
            <div
              class="css-view-1dbjc4n r-alignItems-1awozwy r-flexDirection-18u37iz r-marginTop-knv0ih"
            >
              <a
                href="https://anitab-org.zulipchat.com/#narrow/stream/222534-mentorship-system/topic/Android"
                rel="noopener noreferrer"
                target="_blank"
              >
                <div
                  class="css-view-1dbjc4n r-flexBasis-1mlwlqe r-overflow-1udh08x r-zIndex-417010"
                  style="height: 32px; width: 32px;"
                >
                  <div
                    class="css-view-1dbjc4n r-backgroundColor-1niwhzg r-backgroundPosition-vvn4in r-backgroundRepeat-u6sd8q r-backgroundSize-4gszlv r-bottom-1p0dtai r-height-1pi2tsx r-left-1d2f490 r-position-u8s1d r-right-zchlnj r-top-ipm5af r-width-13qz1uu r-zIndex-1wyyakw"
                    style="background-image: url(zulip.png);"
                  />
                  <img
                    alt=""
                    class="css-accessibilityImage-9pa8cd"
                    draggable="false"
                    src="zulip.png"
                  />
                </div>
              </a>
              <a
                href="https://anitab-org.zulipchat.com/#narrow/stream/222534-mentorship-system/topic/Android"
                rel="noopener noreferrer"
                target="_blank"
              >
                <div
                  class="css-text-901oao r-color-1qovj5m r-fontSize-1enofrn r-fontWeight-1od2jal r-marginLeft-1jkjb"
                  dir="auto"
                >
                  zulip
                </div>
              </a>
            </div>
            <div
              class="css-view-1dbjc4n r-alignItems-1awozwy r-flexDirection-18u37iz r-marginTop-knv0ih"
            >
              <a
                href="https://github.com/anitab-org/mentorship-android"
                rel="noopener noreferrer"
                target="_blank"
              >
                <div
                  class="css-view-1dbjc4n r-flexBasis-1mlwlqe r-overflow-1udh08x r-zIndex-417010"
                  style="height: 32px; width: 32px;"
                >
                  <div
                    class="css-view-1dbjc4n r-backgroundColor-1niwhzg r-backgroundPosition-vvn4in r-backgroundRepeat-u6sd8q r-backgroundSize-4gszlv r-bottom-1p0dtai r-height-1pi2tsx r-left-1d2f490 r-position-u8s1d r-right-zchlnj r-top-ipm5af r-width-13qz1uu r-zIndex-1wyyakw"
                    style="background-image: url(github.png);"
                  />
                  <img
                    alt=""
                    class="css-accessibilityImage-9pa8cd"
                    draggable="false"
                    src="github.png"
                  />
                </div>
              </a>
              <a
                href="https://github.com/anitab-org/mentorship-android"
                rel="noopener noreferrer"
                target="_blank"
              >
                <div
                  class="css-text-901oao r-color-1qovj5m r-fontSize-1enofrn r-fontWeight-1od2jal r-marginLeft-1jkjb"
                  dir="auto"
                >
                  github
                </div>
              </a>
            </div>
            <div
              class="css-view-1dbjc4n r-alignItems-1awozwy r-flexDirection-18u37iz r-marginTop-knv0ih"
            >
              <a
                href="https://anitab-org.github.io/mentorship-android/"
                rel="noopener noreferrer"
                target="_blank"
              >
                <div
                  class="css-view-1dbjc4n r-flexBasis-1mlwlqe r-overflow-1udh08x r-zIndex-417010"
                  style="height: 32px; width: 32px;"
                >
                  <div
                    class="css-view-1dbjc4n r-backgroundColor-1niwhzg r-backgroundPosition-vvn4in r-backgroundRepeat-u6sd8q r-backgroundSize-4gszlv r-bottom-1p0dtai r-height-1pi2tsx r-left-1d2f490 r-position-u8s1d r-right-zchlnj r-top-ipm5af r-width-13qz1uu r-zIndex-1wyyakw"
                    style="background-image: url(docs.png);"
                  />
                  <img
                    alt=""
                    class="css-accessibilityImage-9pa8cd"
                    draggable="false"
                    src="docs.png"
                  />
                </div>
              </a>
              <a
                href="https://anitab-org.github.io/mentorship-android/"
                rel="noopener noreferrer"
                target="_blank"
              >
                <div
                  class="css-text-901oao r-color-1qovj5m r-fontSize-1enofrn r-fontWeight-1od2jal r-marginLeft-1jkjb"
                  dir="auto"
                >
                  docs
                </div>
              </a>
            </div>
            <div
              class="css-text-901oao r-color-1qovj5m r-fontSize-1b43r93 r-fontWeight-aruset r-marginTop-knv0ih"
              dir="auto"
            >
              Android client for Mentorship System - an application that allows women in tech to mentor each other, on career development topics, through 1:1 relations for a certain period.
            </div>
            <div
              class="css-view-1dbjc4n r-flex-13awgt0"
              style="justify-content: flex-end; margin-bottom: 0px;"
            >
              <div
                class="css-view-1dbjc4n r-flexDirection-18u37iz"
              >
                <div
                  class="css-text-901oao r-marginTop-knv0ih"
                  dir="auto"
                  style="background-color: rgb(255, 246, 132); border-top-left-radius: 4px; border-top-right-radius: 4px; border-bottom-right-radius: 4px; border-bottom-left-radius: 4px; margin-right: 8px; padding: 4px 8px 4px 8px;"
                >
                  kotlin
                </div>
                <div
                  class="css-text-901oao r-marginTop-knv0ih"
                  dir="auto"
                  style="background-color: rgb(62, 190, 161); border-top-left-radius: 4px; border-top-right-radius: 4px; border-bottom-right-radius: 4px; border-bottom-left-radius: 4px; margin-right: 8px; padding: 4px 8px 4px 8px;"
                >
                  mvvm
                </div>
              </div>
              <div
                class="css-view-1dbjc4n r-flexDirection-18u37iz"
              />
            </div>
          </div>
        </div>
        <div
          class="css-view-1dbjc4n r-alignItems-1awozwy"
          style="background-color: rgb(231, 237, 253); border-top-left-radius: 4px; border-top-right-radius: 4px; border-bottom-right-radius: 4px; border-bottom-left-radius: 4px; box-shadow: 0px 2px 4px rgba(0,0,0,0.20); margin: 16px 16px 16px 16px; padding: 12px 12px 12px 12px; transform: scale(1);"
        >
          <div
            class="css-view-1dbjc4n r-flex-13awgt0 r-overflow-1udh08x"
            style="border-top-left-radius: 4px; border-top-right-radius: 4px; border-bottom-right-radius: 4px; border-bottom-left-radius: 4px; width: 286px;"
          >
            <a>
              <div
                class="css-view-1dbjc4n r-flexBasis-1mlwlqe r-overflow-1udh08x r-zIndex-417010"
                style="width: 286px;"
              >
                <div
                  class="css-view-1dbjc4n r-backgroundColor-1niwhzg r-backgroundPosition-vvn4in r-backgroundRepeat-u6sd8q r-backgroundSize-4gszlv r-bottom-1p0dtai r-height-1pi2tsx r-left-1d2f490 r-position-u8s1d r-right-zchlnj r-top-ipm5af r-width-13qz1uu r-zIndex-1wyyakw"
                  style="background-image: url(placeholder.png);"
                />
                <img
                  alt=""
                  class="css-accessibilityImage-9pa8cd"
                  draggable="false"
                  src="placeholder.png"
                />
              </div>
            </a>
            <div
              class="css-text-901oao r-color-1qovj5m r-fontSize-1i10wst r-fontWeight-16dba41 r-marginTop-knv0ih"
              dir="auto"
            >
              Mentorship Backend
            </div>
            <div
              class="css-view-1dbjc4n r-alignItems-1awozwy r-flexDirection-18u37iz r-marginTop-knv0ih"
            >
              <a
                href="https://anitab-org.zulipchat.com/#narrow/stream/222534-mentorship-system/topic/mentorship-backend"
                rel="noopener noreferrer"
                target="_blank"
              >
                <div
                  class="css-view-1dbjc4n r-flexBasis-1mlwlqe r-overflow-1udh08x r-zIndex-417010"
                  style="height: 32px; width: 32px;"
                >
                  <div
                    class="css-view-1dbjc4n r-backgroundColor-1niwhzg r-backgroundPosition-vvn4in r-backgroundRepeat-u6sd8q r-backgroundSize-4gszlv r-bottom-1p0dtai r-height-1pi2tsx r-left-1d2f490 r-position-u8s1d r-right-zchlnj r-top-ipm5af r-width-13qz1uu r-zIndex-1wyyakw"
                    style="background-image: url(zulip.png);"
                  />
                  <img
                    alt=""
                    class="css-accessibilityImage-9pa8cd"
                    draggable="false"
                    src="zulip.png"
                  />
                </div>
              </a>
              <a
                href="https://anitab-org.zulipchat.com/#narrow/stream/222534-mentorship-system/topic/mentorship-backend"
                rel="noopener noreferrer"
                target="_blank"
              >
                <div
                  class="css-text-901oao r-color-1qovj5m r-fontSize-1enofrn r-fontWeight-1od2jal r-marginLeft-1jkjb"
                  dir="auto"
                >
                  zulip
                </div>
              </a>
            </div>
            <div
              class="css-view-1dbjc4n r-alignItems-1awozwy r-flexDirection-18u37iz r-marginTop-knv0ih"
            >
              <a
                href="https://github.com/anitab-org/mentorship-backend"
                rel="noopener noreferrer"
                target="_blank"
              >
                <div
                  class="css-view-1dbjc4n r-flexBasis-1mlwlqe r-overflow-1udh08x r-zIndex-417010"
                  style="height: 32px; width: 32px;"
                >
                  <div
                    class="css-view-1dbjc4n r-backgroundColor-1niwhzg r-backgroundPosition-vvn4in r-backgroundRepeat-u6sd8q r-backgroundSize-4gszlv r-bottom-1p0dtai r-height-1pi2tsx r-left-1d2f490 r-position-u8s1d r-right-zchlnj r-top-ipm5af r-width-13qz1uu r-zIndex-1wyyakw"
                    style="background-image: url(github.png);"
                  />
                  <img
                    alt=""
                    class="css-accessibilityImage-9pa8cd"
                    draggable="false"
                    src="github.png"
                  />
                </div>
              </a>
              <a
                href="https://github.com/anitab-org/mentorship-backend"
                rel="noopener noreferrer"
                target="_blank"
              >
                <div
                  class="css-text-901oao r-color-1qovj5m r-fontSize-1enofrn r-fontWeight-1od2jal r-marginLeft-1jkjb"
                  dir="auto"
                >
                  github
                </div>
              </a>
            </div>
            <div
              class="css-view-1dbjc4n r-alignItems-1awozwy r-flexDirection-18u37iz r-marginTop-knv0ih"
            >
              <a
                href="https://anitab-org.github.io/mentorship-backend/"
                rel="noopener noreferrer"
                target="_blank"
              >
                <div
                  class="css-view-1dbjc4n r-flexBasis-1mlwlqe r-overflow-1udh08x r-zIndex-417010"
                  style="height: 32px; width: 32px;"
                >
                  <div
                    class="css-view-1dbjc4n r-backgroundColor-1niwhzg r-backgroundPosition-vvn4in r-backgroundRepeat-u6sd8q r-backgroundSize-4gszlv r-bottom-1p0dtai r-height-1pi2tsx r-left-1d2f490 r-position-u8s1d r-right-zchlnj r-top-ipm5af r-width-13qz1uu r-zIndex-1wyyakw"
                    style="background-image: url(docs.png);"
                  />
                  <img
                    alt=""
                    class="css-accessibilityImage-9pa8cd"
                    draggable="false"
                    src="docs.png"
                  />
                </div>
              </a>
              <a
                href="https://anitab-org.github.io/mentorship-backend/"
                rel="noopener noreferrer"
                target="_blank"
              >
                <div
                  class="css-text-901oao r-color-1qovj5m r-fontSize-1enofrn r-fontWeight-1od2jal r-marginLeft-1jkjb"
                  dir="auto"
                >
                  docs
                </div>
              </a>
            </div>
            <div
              class="css-text-901oao r-color-1qovj5m r-fontSize-1b43r93 r-fontWeight-aruset r-marginTop-knv0ih"
              dir="auto"
            >
              Backend REST API for Mentorship System - an application that allows women in tech to mentor each other, on career development topics, through 1:1 relations for a certain period.
            </div>
            <div
              class="css-view-1dbjc4n r-flex-13awgt0"
              style="justify-content: flex-end; margin-bottom: 0px;"
            >
              <div
                class="css-view-1dbjc4n r-flexDirection-18u37iz"
              >
                <div
                  class="css-text-901oao r-marginTop-knv0ih"
                  dir="auto"
                  style="background-color: rgb(248, 151, 43); border-top-left-radius: 4px; border-top-right-radius: 4px; border-bottom-right-radius: 4px; border-bottom-left-radius: 4px; margin-right: 8px; padding: 4px 8px 4px 8px;"
                >
                  flask
                </div>
                <div
                  class="css-text-901oao r-marginTop-knv0ih"
                  dir="auto"
                  style="background-color: rgb(193, 215, 46); border-top-left-radius: 4px; border-top-right-radius: 4px; border-bottom-right-radius: 4px; border-bottom-left-radius: 4px; margin-right: 8px; padding: 4px 8px 4px 8px;"
                >
                  python
                </div>
              </div>
              <div
                class="css-view-1dbjc4n r-flexDirection-18u37iz"
              />
            </div>
          </div>
        </div>
        <div
          class="css-view-1dbjc4n r-alignItems-1awozwy"
          style="background-color: rgb(231, 237, 253); border-top-left-radius: 4px; border-top-right-radius: 4px; border-bottom-right-radius: 4px; border-bottom-left-radius: 4px; box-shadow: 0px 2px 4px rgba(0,0,0,0.20); margin: 16px 16px 16px 16px; padding: 12px 12px 12px 12px; transform: scale(1);"
        >
          <div
            class="css-view-1dbjc4n r-flex-13awgt0 r-overflow-1udh08x"
            style="border-top-left-radius: 4px; border-top-right-radius: 4px; border-bottom-right-radius: 4px; border-bottom-left-radius: 4px; width: 286px;"
          >
            <a>
              <div
                class="css-view-1dbjc4n r-flexBasis-1mlwlqe r-overflow-1udh08x r-zIndex-417010"
                style="width: 286px;"
              >
                <div
                  class="css-view-1dbjc4n r-backgroundColor-1niwhzg r-backgroundPosition-vvn4in r-backgroundRepeat-u6sd8q r-backgroundSize-4gszlv r-bottom-1p0dtai r-height-1pi2tsx r-left-1d2f490 r-position-u8s1d r-right-zchlnj r-top-ipm5af r-width-13qz1uu r-zIndex-1wyyakw"
                  style="background-image: url(placeholder.png);"
                />
                <img
                  alt=""
                  class="css-accessibilityImage-9pa8cd"
                  draggable="false"
                  src="placeholder.png"
                />
              </div>
            </a>
            <div
              class="css-text-901oao r-color-1qovj5m r-fontSize-1i10wst r-fontWeight-16dba41 r-marginTop-knv0ih"
              dir="auto"
            >
              Mentorship Flutter
            </div>
            <div
              class="css-view-1dbjc4n r-alignItems-1awozwy r-flexDirection-18u37iz r-marginTop-knv0ih"
            >
              <a
                href="https://anitab-org.zulipchat.com/#narrow/stream/222534-mentorship-system/topic/mentorship-flutter"
                rel="noopener noreferrer"
                target="_blank"
              >
                <div
                  class="css-view-1dbjc4n r-flexBasis-1mlwlqe r-overflow-1udh08x r-zIndex-417010"
                  style="height: 32px; width: 32px;"
                >
                  <div
                    class="css-view-1dbjc4n r-backgroundColor-1niwhzg r-backgroundPosition-vvn4in r-backgroundRepeat-u6sd8q r-backgroundSize-4gszlv r-bottom-1p0dtai r-height-1pi2tsx r-left-1d2f490 r-position-u8s1d r-right-zchlnj r-top-ipm5af r-width-13qz1uu r-zIndex-1wyyakw"
                    style="background-image: url(zulip.png);"
                  />
                  <img
                    alt=""
                    class="css-accessibilityImage-9pa8cd"
                    draggable="false"
                    src="zulip.png"
                  />
                </div>
              </a>
              <a
                href="https://anitab-org.zulipchat.com/#narrow/stream/222534-mentorship-system/topic/mentorship-flutter"
                rel="noopener noreferrer"
                target="_blank"
              >
                <div
                  class="css-text-901oao r-color-1qovj5m r-fontSize-1enofrn r-fontWeight-1od2jal r-marginLeft-1jkjb"
                  dir="auto"
                >
                  zulip
                </div>
              </a>
            </div>
            <div
              class="css-view-1dbjc4n r-alignItems-1awozwy r-flexDirection-18u37iz r-marginTop-knv0ih"
            >
              <a
                href="https://github.com/anitab-org/mentorship-flutter"
                rel="noopener noreferrer"
                target="_blank"
              >
                <div
                  class="css-view-1dbjc4n r-flexBasis-1mlwlqe r-overflow-1udh08x r-zIndex-417010"
                  style="height: 32px; width: 32px;"
                >
                  <div
                    class="css-view-1dbjc4n r-backgroundColor-1niwhzg r-backgroundPosition-vvn4in r-backgroundRepeat-u6sd8q r-backgroundSize-4gszlv r-bottom-1p0dtai r-height-1pi2tsx r-left-1d2f490 r-position-u8s1d r-right-zchlnj r-top-ipm5af r-width-13qz1uu r-zIndex-1wyyakw"
                    style="background-image: url(github.png);"
                  />
                  <img
                    alt=""
                    class="css-accessibilityImage-9pa8cd"
                    draggable="false"
                    src="github.png"
                  />
                </div>
              </a>
              <a
                href="https://github.com/anitab-org/mentorship-flutter"
                rel="noopener noreferrer"
                target="_blank"
              >
                <div
                  class="css-text-901oao r-color-1qovj5m r-fontSize-1enofrn r-fontWeight-1od2jal r-marginLeft-1jkjb"
                  dir="auto"
                >
                  github
                </div>
              </a>
            </div>
            <div
              class="css-text-901oao r-color-1qovj5m r-fontSize-1b43r93 r-fontWeight-aruset r-marginTop-knv0ih"
              dir="auto"
            >
              Cross-platform client app for the Mentorship System - an application that matches women in tech to mentor each other, on career development, through 1:1 relations during a certain period of time. It's written in the Flutter framework.
            </div>
            <div
              class="css-view-1dbjc4n r-flex-13awgt0"
              style="justify-content: flex-end; margin-bottom: 0px;"
            >
              <div
                class="css-view-1dbjc4n r-flexDirection-18u37iz"
              >
                <div
                  class="css-text-901oao r-marginTop-knv0ih"
                  dir="auto"
                  style="background-color: rgb(245, 190, 216); border-top-left-radius: 4px; border-top-right-radius: 4px; border-bottom-right-radius: 4px; border-bottom-left-radius: 4px; margin-right: 8px; padding: 4px 8px 4px 8px;"
                >
                  dart
                </div>
                <div
                  class="css-text-901oao r-marginTop-knv0ih"
                  dir="auto"
                  style="background-color: rgb(193, 215, 46); border-top-left-radius: 4px; border-top-right-radius: 4px; border-bottom-right-radius: 4px; border-bottom-left-radius: 4px; margin-right: 8px; padding: 4px 8px 4px 8px;"
                >
                  flutter
                </div>
              </div>
              <div
                class="css-view-1dbjc4n r-flexDirection-18u37iz"
              />
            </div>
          </div>
        </div>
        <div
          class="css-view-1dbjc4n r-alignItems-1awozwy"
          style="background-color: rgb(231, 237, 253); border-top-left-radius: 4px; border-top-right-radius: 4px; border-bottom-right-radius: 4px; border-bottom-left-radius: 4px; box-shadow: 0px 2px 4px rgba(0,0,0,0.20); margin: 16px 16px 16px 16px; padding: 12px 12px 12px 12px; transform: scale(1);"
        >
          <div
            class="css-view-1dbjc4n r-flex-13awgt0 r-overflow-1udh08x"
            style="border-top-left-radius: 4px; border-top-right-radius: 4px; border-bottom-right-radius: 4px; border-bottom-left-radius: 4px; width: 286px;"
          >
            <a>
              <div
                class="css-view-1dbjc4n r-flexBasis-1mlwlqe r-overflow-1udh08x r-zIndex-417010"
                style="width: 286px;"
              >
                <div
                  class="css-view-1dbjc4n r-backgroundColor-1niwhzg r-backgroundPosition-vvn4in r-backgroundRepeat-u6sd8q r-backgroundSize-4gszlv r-bottom-1p0dtai r-height-1pi2tsx r-left-1d2f490 r-position-u8s1d r-right-zchlnj r-top-ipm5af r-width-13qz1uu r-zIndex-1wyyakw"
                  style="background-image: url(placeholder.png);"
                />
                <img
                  alt=""
                  class="css-accessibilityImage-9pa8cd"
                  draggable="false"
                  src="placeholder.png"
                />
              </div>
            </a>
            <div
              class="css-text-901oao r-color-1qovj5m r-fontSize-1i10wst r-fontWeight-16dba41 r-marginTop-knv0ih"
              dir="auto"
            >
              Mentorship iOS
            </div>
            <div
              class="css-view-1dbjc4n r-alignItems-1awozwy r-flexDirection-18u37iz r-marginTop-knv0ih"
            >
              <a
                href="https://anitab-org.zulipchat.com/#narrow/stream/222534-mentorship-system/topic/iOS"
                rel="noopener noreferrer"
                target="_blank"
              >
                <div
                  class="css-view-1dbjc4n r-flexBasis-1mlwlqe r-overflow-1udh08x r-zIndex-417010"
                  style="height: 32px; width: 32px;"
                >
                  <div
                    class="css-view-1dbjc4n r-backgroundColor-1niwhzg r-backgroundPosition-vvn4in r-backgroundRepeat-u6sd8q r-backgroundSize-4gszlv r-bottom-1p0dtai r-height-1pi2tsx r-left-1d2f490 r-position-u8s1d r-right-zchlnj r-top-ipm5af r-width-13qz1uu r-zIndex-1wyyakw"
                    style="background-image: url(zulip.png);"
                  />
                  <img
                    alt=""
                    class="css-accessibilityImage-9pa8cd"
                    draggable="false"
                    src="zulip.png"
                  />
                </div>
              </a>
              <a
                href="https://anitab-org.zulipchat.com/#narrow/stream/222534-mentorship-system/topic/iOS"
                rel="noopener noreferrer"
                target="_blank"
              >
                <div
                  class="css-text-901oao r-color-1qovj5m r-fontSize-1enofrn r-fontWeight-1od2jal r-marginLeft-1jkjb"
                  dir="auto"
                >
                  zulip
                </div>
              </a>
            </div>
            <div
              class="css-view-1dbjc4n r-alignItems-1awozwy r-flexDirection-18u37iz r-marginTop-knv0ih"
            >
              <a
                href="https://github.com/anitab-org/mentorship-ios"
                rel="noopener noreferrer"
                target="_blank"
              >
                <div
                  class="css-view-1dbjc4n r-flexBasis-1mlwlqe r-overflow-1udh08x r-zIndex-417010"
                  style="height: 32px; width: 32px;"
                >
                  <div
                    class="css-view-1dbjc4n r-backgroundColor-1niwhzg r-backgroundPosition-vvn4in r-backgroundRepeat-u6sd8q r-backgroundSize-4gszlv r-bottom-1p0dtai r-height-1pi2tsx r-left-1d2f490 r-position-u8s1d r-right-zchlnj r-top-ipm5af r-width-13qz1uu r-zIndex-1wyyakw"
                    style="background-image: url(github.png);"
                  />
                  <img
                    alt=""
                    class="css-accessibilityImage-9pa8cd"
                    draggable="false"
                    src="github.png"
                  />
                </div>
              </a>
              <a
                href="https://github.com/anitab-org/mentorship-ios"
                rel="noopener noreferrer"
                target="_blank"
              >
                <div
                  class="css-text-901oao r-color-1qovj5m r-fontSize-1enofrn r-fontWeight-1od2jal r-marginLeft-1jkjb"
                  dir="auto"
                >
                  github
                </div>
              </a>
            </div>
            <div
              class="css-text-901oao r-color-1qovj5m r-fontSize-1b43r93 r-fontWeight-aruset r-marginTop-knv0ih"
              dir="auto"
            >
              iOS application for Mentorship System - an application that matches women in tech to mentor each other, on career development, through 1:1 relations during a certain period of time.
            </div>
            <div
              class="css-view-1dbjc4n r-flex-13awgt0"
              style="justify-content: flex-end; margin-bottom: 0px;"
            >
              <div
                class="css-view-1dbjc4n r-flexDirection-18u37iz"
              >
                <div
                  class="css-text-901oao r-marginTop-knv0ih"
                  dir="auto"
                  style="background-color: rgb(248, 151, 43); border-top-left-radius: 4px; border-top-right-radius: 4px; border-bottom-right-radius: 4px; border-bottom-left-radius: 4px; margin-right: 8px; padding: 4px 8px 4px 8px;"
                >
                  swiftUI
                </div>
                <div
                  class="css-text-901oao r-marginTop-knv0ih"
                  dir="auto"
                  style="background-color: rgb(62, 190, 161); border-top-left-radius: 4px; border-top-right-radius: 4px; border-bottom-right-radius: 4px; border-bottom-left-radius: 4px; margin-right: 8px; padding: 4px 8px 4px 8px;"
                >
                  mvvm
                </div>
              </div>
              <div
                class="css-view-1dbjc4n r-flexDirection-18u37iz"
              />
            </div>
          </div>
        </div>
        <div
          class="css-view-1dbjc4n r-alignItems-1awozwy"
          style="background-color: rgb(231, 237, 253); border-top-left-radius: 4px; border-top-right-radius: 4px; border-bottom-right-radius: 4px; border-bottom-left-radius: 4px; box-shadow: 0px 2px 4px rgba(0,0,0,0.20); margin: 16px 16px 16px 16px; padding: 12px 12px 12px 12px; transform: scale(1);"
        >
          <div
            class="css-view-1dbjc4n r-flex-13awgt0 r-overflow-1udh08x"
            style="border-top-left-radius: 4px; border-top-right-radius: 4px; border-bottom-right-radius: 4px; border-bottom-left-radius: 4px; width: 286px;"
          >
            <a>
              <div
                class="css-view-1dbjc4n r-flexBasis-1mlwlqe r-overflow-1udh08x r-zIndex-417010"
                style="width: 286px;"
              >
                <div
                  class="css-view-1dbjc4n r-backgroundColor-1niwhzg r-backgroundPosition-vvn4in r-backgroundRepeat-u6sd8q r-backgroundSize-4gszlv r-bottom-1p0dtai r-height-1pi2tsx r-left-1d2f490 r-position-u8s1d r-right-zchlnj r-top-ipm5af r-width-13qz1uu r-zIndex-1wyyakw"
                  style="background-image: url(placeholder.png);"
                />
                <img
                  alt=""
                  class="css-accessibilityImage-9pa8cd"
                  draggable="false"
                  src="placeholder.png"
                />
              </div>
            </a>
            <div
              class="css-text-901oao r-color-1qovj5m r-fontSize-1i10wst r-fontWeight-16dba41 r-marginTop-knv0ih"
              dir="auto"
            >
              Portal
            </div>
            <div
              class="css-view-1dbjc4n r-alignItems-1awozwy r-flexDirection-18u37iz r-marginTop-knv0ih"
            >
              <a
                href="https://anitab-org.zulipchat.com/#narrow/stream/222540-portal"
                rel="noopener noreferrer"
                target="_blank"
              >
                <div
                  class="css-view-1dbjc4n r-flexBasis-1mlwlqe r-overflow-1udh08x r-zIndex-417010"
                  style="height: 32px; width: 32px;"
                >
                  <div
                    class="css-view-1dbjc4n r-backgroundColor-1niwhzg r-backgroundPosition-vvn4in r-backgroundRepeat-u6sd8q r-backgroundSize-4gszlv r-bottom-1p0dtai r-height-1pi2tsx r-left-1d2f490 r-position-u8s1d r-right-zchlnj r-top-ipm5af r-width-13qz1uu r-zIndex-1wyyakw"
                    style="background-image: url(zulip.png);"
                  />
                  <img
                    alt=""
                    class="css-accessibilityImage-9pa8cd"
                    draggable="false"
                    src="zulip.png"
                  />
                </div>
              </a>
              <a
                href="https://anitab-org.zulipchat.com/#narrow/stream/222540-portal"
                rel="noopener noreferrer"
                target="_blank"
              >
                <div
                  class="css-text-901oao r-color-1qovj5m r-fontSize-1enofrn r-fontWeight-1od2jal r-marginLeft-1jkjb"
                  dir="auto"
                >
                  zulip
                </div>
              </a>
            </div>
            <div
              class="css-view-1dbjc4n r-alignItems-1awozwy r-flexDirection-18u37iz r-marginTop-knv0ih"
            >
              <a
                href="https://github.com/anitab-org/portal"
                rel="noopener noreferrer"
                target="_blank"
              >
                <div
                  class="css-view-1dbjc4n r-flexBasis-1mlwlqe r-overflow-1udh08x r-zIndex-417010"
                  style="height: 32px; width: 32px;"
                >
                  <div
                    class="css-view-1dbjc4n r-backgroundColor-1niwhzg r-backgroundPosition-vvn4in r-backgroundRepeat-u6sd8q r-backgroundSize-4gszlv r-bottom-1p0dtai r-height-1pi2tsx r-left-1d2f490 r-position-u8s1d r-right-zchlnj r-top-ipm5af r-width-13qz1uu r-zIndex-1wyyakw"
                    style="background-image: url(github.png);"
                  />
                  <img
                    alt=""
                    class="css-accessibilityImage-9pa8cd"
                    draggable="false"
                    src="github.png"
                  />
                </div>
              </a>
              <a
                href="https://github.com/anitab-org/portal"
                rel="noopener noreferrer"
                target="_blank"
              >
                <div
                  class="css-text-901oao r-color-1qovj5m r-fontSize-1enofrn r-fontWeight-1od2jal r-marginLeft-1jkjb"
                  dir="auto"
                >
                  github
                </div>
              </a>
            </div>
            <div
              class="css-text-901oao r-color-1qovj5m r-fontSize-1b43r93 r-fontWeight-aruset r-marginTop-knv0ih"
              dir="auto"
            >
              AnitaB.org Portal is for AnitaB.org communities to post and share information within and with other communities.
            </div>
            <div
              class="css-view-1dbjc4n r-flex-13awgt0"
              style="justify-content: flex-end; margin-bottom: 0px;"
            >
              <div
                class="css-view-1dbjc4n r-flexDirection-18u37iz"
              >
                <div
                  class="css-text-901oao r-marginTop-knv0ih"
                  dir="auto"
                  style="background-color: rgb(81, 185, 234); border-top-left-radius: 4px; border-top-right-radius: 4px; border-bottom-right-radius: 4px; border-bottom-left-radius: 4px; margin-right: 8px; padding: 4px 8px 4px 8px;"
                >
                  django
                </div>
                <div
                  class="css-text-901oao r-marginTop-knv0ih"
                  dir="auto"
                  style="background-color: rgb(193, 215, 46); border-top-left-radius: 4px; border-top-right-radius: 4px; border-bottom-right-radius: 4px; border-bottom-left-radius: 4px; margin-right: 8px; padding: 4px 8px 4px 8px;"
                >
                  python
                </div>
              </div>
              <div
                class="css-view-1dbjc4n r-flexDirection-18u37iz"
              />
            </div>
          </div>
        </div>
        <div
          class="css-view-1dbjc4n r-alignItems-1awozwy"
          style="background-color: rgb(231, 237, 253); border-top-left-radius: 4px; border-top-right-radius: 4px; border-bottom-right-radius: 4px; border-bottom-left-radius: 4px; box-shadow: 0px 2px 4px rgba(0,0,0,0.20); margin: 16px 16px 16px 16px; padding: 12px 12px 12px 12px; transform: scale(1);"
        >
          <div
            class="css-view-1dbjc4n r-flex-13awgt0 r-overflow-1udh08x"
            style="border-top-left-radius: 4px; border-top-right-radius: 4px; border-bottom-right-radius: 4px; border-bottom-left-radius: 4px; width: 286px;"
          >
            <a>
              <div
                class="css-view-1dbjc4n r-flexBasis-1mlwlqe r-overflow-1udh08x r-zIndex-417010"
                style="width: 286px;"
              >
                <div
                  class="css-view-1dbjc4n r-backgroundColor-1niwhzg r-backgroundPosition-vvn4in r-backgroundRepeat-u6sd8q r-backgroundSize-4gszlv r-bottom-1p0dtai r-height-1pi2tsx r-left-1d2f490 r-position-u8s1d r-right-zchlnj r-top-ipm5af r-width-13qz1uu r-zIndex-1wyyakw"
                  style="background-image: url(placeholder.png);"
                />
                <img
                  alt=""
                  class="css-accessibilityImage-9pa8cd"
                  draggable="false"
                  src="placeholder.png"
                />
              </div>
            </a>
            <div
              class="css-text-901oao r-color-1qovj5m r-fontSize-1i10wst r-fontWeight-16dba41 r-marginTop-knv0ih"
              dir="auto"
            >
              VMS
            </div>
            <div
              class="css-view-1dbjc4n r-alignItems-1awozwy r-flexDirection-18u37iz r-marginTop-knv0ih"
            >
              <a
                href="https://anitab-org.zulipchat.com/#narrow/stream/222539-vms"
                rel="noopener noreferrer"
                target="_blank"
              >
                <div
                  class="css-view-1dbjc4n r-flexBasis-1mlwlqe r-overflow-1udh08x r-zIndex-417010"
                  style="height: 32px; width: 32px;"
                >
                  <div
                    class="css-view-1dbjc4n r-backgroundColor-1niwhzg r-backgroundPosition-vvn4in r-backgroundRepeat-u6sd8q r-backgroundSize-4gszlv r-bottom-1p0dtai r-height-1pi2tsx r-left-1d2f490 r-position-u8s1d r-right-zchlnj r-top-ipm5af r-width-13qz1uu r-zIndex-1wyyakw"
                    style="background-image: url(zulip.png);"
                  />
                  <img
                    alt=""
                    class="css-accessibilityImage-9pa8cd"
                    draggable="false"
                    src="zulip.png"
                  />
                </div>
              </a>
              <a
                href="https://anitab-org.zulipchat.com/#narrow/stream/222539-vms"
                rel="noopener noreferrer"
                target="_blank"
              >
                <div
                  class="css-text-901oao r-color-1qovj5m r-fontSize-1enofrn r-fontWeight-1od2jal r-marginLeft-1jkjb"
                  dir="auto"
                >
                  zulip
                </div>
              </a>
            </div>
            <div
              class="css-view-1dbjc4n r-alignItems-1awozwy r-flexDirection-18u37iz r-marginTop-knv0ih"
            >
              <a
                href="https://github.com/anitab-org/vms"
                rel="noopener noreferrer"
                target="_blank"
              >
                <div
                  class="css-view-1dbjc4n r-flexBasis-1mlwlqe r-overflow-1udh08x r-zIndex-417010"
                  style="height: 32px; width: 32px;"
                >
                  <div
                    class="css-view-1dbjc4n r-backgroundColor-1niwhzg r-backgroundPosition-vvn4in r-backgroundRepeat-u6sd8q r-backgroundSize-4gszlv r-bottom-1p0dtai r-height-1pi2tsx r-left-1d2f490 r-position-u8s1d r-right-zchlnj r-top-ipm5af r-width-13qz1uu r-zIndex-1wyyakw"
                    style="background-image: url(github.png);"
                  />
                  <img
                    alt=""
                    class="css-accessibilityImage-9pa8cd"
                    draggable="false"
                    src="github.png"
                  />
                </div>
              </a>
              <a
                href="https://github.com/anitab-org/vms"
                rel="noopener noreferrer"
                target="_blank"
              >
                <div
                  class="css-text-901oao r-color-1qovj5m r-fontSize-1enofrn r-fontWeight-1od2jal r-marginLeft-1jkjb"
                  dir="auto"
                >
                  github
                </div>
              </a>
            </div>
            <div
              class="css-text-901oao r-color-1qovj5m r-fontSize-1b43r93 r-fontWeight-aruset r-marginTop-knv0ih"
              dir="auto"
            >
              AnitaB.org has many volunteers that offer their skills, time, and commitment to our vision and projects. The Volunteer Management System (VMS) will be useful for volunteer coordinators, volunteer sign-up, tracking hours, and reporting. This project uses the Django web framework and Python.
            </div>
            <div
              class="css-view-1dbjc4n r-flex-13awgt0"
              style="justify-content: flex-end; margin-bottom: 0px;"
            >
              <div
                class="css-view-1dbjc4n r-flexDirection-18u37iz"
              >
                <div
                  class="css-text-901oao r-marginTop-knv0ih"
                  dir="auto"
                  style="background-color: rgb(81, 185, 234); border-top-left-radius: 4px; border-top-right-radius: 4px; border-bottom-right-radius: 4px; border-bottom-left-radius: 4px; margin-right: 8px; padding: 4px 8px 4px 8px;"
                >
                  django
                </div>
                <div
                  class="css-text-901oao r-marginTop-knv0ih"
                  dir="auto"
                  style="background-color: rgb(193, 215, 46); border-top-left-radius: 4px; border-top-right-radius: 4px; border-bottom-right-radius: 4px; border-bottom-left-radius: 4px; margin-right: 8px; padding: 4px 8px 4px 8px;"
                >
                  python
                </div>
              </div>
              <div
                class="css-view-1dbjc4n r-flexDirection-18u37iz"
              />
            </div>
          </div>
        </div>
        <div
          class="css-view-1dbjc4n r-alignItems-1awozwy"
          style="background-color: rgb(231, 237, 253); border-top-left-radius: 4px; border-top-right-radius: 4px; border-bottom-right-radius: 4px; border-bottom-left-radius: 4px; box-shadow: 0px 2px 4px rgba(0,0,0,0.20); margin: 16px 16px 16px 16px; padding: 12px 12px 12px 12px; transform: scale(1);"
        >
          <div
            class="css-view-1dbjc4n r-flex-13awgt0 r-overflow-1udh08x"
            style="border-top-left-radius: 4px; border-top-right-radius: 4px; border-bottom-right-radius: 4px; border-bottom-left-radius: 4px; width: 286px;"
          >
            <a>
              <div
                class="css-view-1dbjc4n r-flexBasis-1mlwlqe r-overflow-1udh08x r-zIndex-417010"
                style="width: 286px;"
              >
                <div
                  class="css-view-1dbjc4n r-backgroundColor-1niwhzg r-backgroundPosition-vvn4in r-backgroundRepeat-u6sd8q r-backgroundSize-4gszlv r-bottom-1p0dtai r-height-1pi2tsx r-left-1d2f490 r-position-u8s1d r-right-zchlnj r-top-ipm5af r-width-13qz1uu r-zIndex-1wyyakw"
                  style="background-image: url(placeholder.png);"
                />
                <img
                  alt=""
                  class="css-accessibilityImage-9pa8cd"
                  draggable="false"
                  src="placeholder.png"
                />
              </div>
            </a>
            <div
              class="css-text-901oao r-color-1qovj5m r-fontSize-1i10wst r-fontWeight-16dba41 r-marginTop-knv0ih"
              dir="auto"
            >
              AnitaB.org Open Source Website
            </div>
            <div
              class="css-view-1dbjc4n r-alignItems-1awozwy r-flexDirection-18u37iz r-marginTop-knv0ih"
            >
              <a
                href="https://anitab-org.zulipchat.com/#narrow/stream/235478-anitab-org.2Egithub.2Eio"
                rel="noopener noreferrer"
                target="_blank"
              >
                <div
                  class="css-view-1dbjc4n r-flexBasis-1mlwlqe r-overflow-1udh08x r-zIndex-417010"
                  style="height: 32px; width: 32px;"
                >
                  <div
                    class="css-view-1dbjc4n r-backgroundColor-1niwhzg r-backgroundPosition-vvn4in r-backgroundRepeat-u6sd8q r-backgroundSize-4gszlv r-bottom-1p0dtai r-height-1pi2tsx r-left-1d2f490 r-position-u8s1d r-right-zchlnj r-top-ipm5af r-width-13qz1uu r-zIndex-1wyyakw"
                    style="background-image: url(zulip.png);"
                  />
                  <img
                    alt=""
                    class="css-accessibilityImage-9pa8cd"
                    draggable="false"
                    src="zulip.png"
                  />
                </div>
              </a>
              <a
                href="https://anitab-org.zulipchat.com/#narrow/stream/235478-anitab-org.2Egithub.2Eio"
                rel="noopener noreferrer"
                target="_blank"
              >
                <div
                  class="css-text-901oao r-color-1qovj5m r-fontSize-1enofrn r-fontWeight-1od2jal r-marginLeft-1jkjb"
                  dir="auto"
                >
                  zulip
                </div>
              </a>
            </div>
            <div
              class="css-view-1dbjc4n r-alignItems-1awozwy r-flexDirection-18u37iz r-marginTop-knv0ih"
            >
              <a
                href="https://github.com/anitab-org/anitab-org.github.io"
                rel="noopener noreferrer"
                target="_blank"
              >
                <div
                  class="css-view-1dbjc4n r-flexBasis-1mlwlqe r-overflow-1udh08x r-zIndex-417010"
                  style="height: 32px; width: 32px;"
                >
                  <div
                    class="css-view-1dbjc4n r-backgroundColor-1niwhzg r-backgroundPosition-vvn4in r-backgroundRepeat-u6sd8q r-backgroundSize-4gszlv r-bottom-1p0dtai r-height-1pi2tsx r-left-1d2f490 r-position-u8s1d r-right-zchlnj r-top-ipm5af r-width-13qz1uu r-zIndex-1wyyakw"
                    style="background-image: url(github.png);"
                  />
                  <img
                    alt=""
                    class="css-accessibilityImage-9pa8cd"
                    draggable="false"
                    src="github.png"
                  />
                </div>
              </a>
              <a
                href="https://github.com/anitab-org/anitab-org.github.io"
                rel="noopener noreferrer"
                target="_blank"
              >
                <div
                  class="css-text-901oao r-color-1qovj5m r-fontSize-1enofrn r-fontWeight-1od2jal r-marginLeft-1jkjb"
                  dir="auto"
                >
                  github
                </div>
              </a>
            </div>
            <div
              class="css-text-901oao r-color-1qovj5m r-fontSize-1b43r93 r-fontWeight-aruset r-marginTop-knv0ih"
              dir="auto"
            >
              AnitaB.org Open Source web gathering all informations about current open source projects, running programs and events as well as all necessary contribution informations.
            </div>
            <div
              class="css-view-1dbjc4n r-flex-13awgt0"
              style="justify-content: flex-end; margin-bottom: 0px;"
            >
              <div
                class="css-view-1dbjc4n r-flexDirection-18u37iz"
              >
                <div
                  class="css-text-901oao r-marginTop-knv0ih"
                  dir="auto"
                  style="background-color: rgb(239, 64, 53); border-top-left-radius: 4px; border-top-right-radius: 4px; border-bottom-right-radius: 4px; border-bottom-left-radius: 4px; margin-right: 8px; padding: 4px 8px 4px 8px;"
                >
                  react-native
                </div>
                <div
                  class="css-text-901oao r-marginTop-knv0ih"
                  dir="auto"
                  style="background-color: rgb(249, 213, 7); border-top-left-radius: 4px; border-top-right-radius: 4px; border-bottom-right-radius: 4px; border-bottom-left-radius: 4px; margin-right: 8px; padding: 4px 8px 4px 8px;"
                >
                  javascript
                </div>
              </div>
              <div
                class="css-view-1dbjc4n r-flexDirection-18u37iz"
              />
            </div>
          </div>
        </div>
        <div
          class="css-view-1dbjc4n r-alignItems-1awozwy"
          style="background-color: rgb(231, 237, 253); border-top-left-radius: 4px; border-top-right-radius: 4px; border-bottom-right-radius: 4px; border-bottom-left-radius: 4px; box-shadow: 0px 2px 4px rgba(0,0,0,0.20); margin: 16px 16px 16px 16px; padding: 12px 12px 12px 12px; transform: scale(1);"
        >
          <div
            class="css-view-1dbjc4n r-flex-13awgt0 r-overflow-1udh08x"
            style="border-top-left-radius: 4px; border-top-right-radius: 4px; border-bottom-right-radius: 4px; border-bottom-left-radius: 4px; width: 286px;"
          >
            <a>
              <div
                class="css-view-1dbjc4n r-flexBasis-1mlwlqe r-overflow-1udh08x r-zIndex-417010"
                style="width: 286px;"
              >
                <div
                  class="css-view-1dbjc4n r-backgroundColor-1niwhzg r-backgroundPosition-vvn4in r-backgroundRepeat-u6sd8q r-backgroundSize-4gszlv r-bottom-1p0dtai r-height-1pi2tsx r-left-1d2f490 r-position-u8s1d r-right-zchlnj r-top-ipm5af r-width-13qz1uu r-zIndex-1wyyakw"
                  style="background-image: url(placeholder.png);"
                />
                <img
                  alt=""
                  class="css-accessibilityImage-9pa8cd"
                  draggable="false"
                  src="placeholder.png"
                />
              </div>
            </a>
            <div
              class="css-text-901oao r-color-1qovj5m r-fontSize-1i10wst r-fontWeight-16dba41 r-marginTop-knv0ih"
              dir="auto"
            >
              Bridge-In-Tech Web
            </div>
            <div
              class="css-view-1dbjc4n r-alignItems-1awozwy r-flexDirection-18u37iz r-marginTop-knv0ih"
            >
              <a
                href="https://anitab-org.zulipchat.com/#narrow/stream/237630-bridge-in-tech"
                rel="noopener noreferrer"
                target="_blank"
              >
                <div
                  class="css-view-1dbjc4n r-flexBasis-1mlwlqe r-overflow-1udh08x r-zIndex-417010"
                  style="height: 32px; width: 32px;"
                >
                  <div
                    class="css-view-1dbjc4n r-backgroundColor-1niwhzg r-backgroundPosition-vvn4in r-backgroundRepeat-u6sd8q r-backgroundSize-4gszlv r-bottom-1p0dtai r-height-1pi2tsx r-left-1d2f490 r-position-u8s1d r-right-zchlnj r-top-ipm5af r-width-13qz1uu r-zIndex-1wyyakw"
                    style="background-image: url(zulip.png);"
                  />
                  <img
                    alt=""
                    class="css-accessibilityImage-9pa8cd"
                    draggable="false"
                    src="zulip.png"
                  />
                </div>
              </a>
              <a
                href="https://anitab-org.zulipchat.com/#narrow/stream/237630-bridge-in-tech"
                rel="noopener noreferrer"
                target="_blank"
              >
                <div
                  class="css-text-901oao r-color-1qovj5m r-fontSize-1enofrn r-fontWeight-1od2jal r-marginLeft-1jkjb"
                  dir="auto"
                >
                  zulip
                </div>
              </a>
            </div>
            <div
              class="css-view-1dbjc4n r-alignItems-1awozwy r-flexDirection-18u37iz r-marginTop-knv0ih"
            >
              <a
                href="https://github.com/anitab-org/bridge-in-tech-web"
                rel="noopener noreferrer"
                target="_blank"
              >
                <div
                  class="css-view-1dbjc4n r-flexBasis-1mlwlqe r-overflow-1udh08x r-zIndex-417010"
                  style="height: 32px; width: 32px;"
                >
                  <div
                    class="css-view-1dbjc4n r-backgroundColor-1niwhzg r-backgroundPosition-vvn4in r-backgroundRepeat-u6sd8q r-backgroundSize-4gszlv r-bottom-1p0dtai r-height-1pi2tsx r-left-1d2f490 r-position-u8s1d r-right-zchlnj r-top-ipm5af r-width-13qz1uu r-zIndex-1wyyakw"
                    style="background-image: url(github.png);"
                  />
                  <img
                    alt=""
                    class="css-accessibilityImage-9pa8cd"
                    draggable="false"
                    src="github.png"
                  />
                </div>
              </a>
              <a
                href="https://github.com/anitab-org/bridge-in-tech-web"
                rel="noopener noreferrer"
                target="_blank"
              >
                <div
                  class="css-text-901oao r-color-1qovj5m r-fontSize-1enofrn r-fontWeight-1od2jal r-marginLeft-1jkjb"
                  dir="auto"
                >
                  github
                </div>
              </a>
            </div>
            <div
              class="css-text-901oao r-color-1qovj5m r-fontSize-1b43r93 r-fontWeight-aruset r-marginTop-knv0ih"
              dir="auto"
            >
              Web Application for Bridge-In-Tech - an application that encourages active collaboration between organization, mentor and mentee, by allowing organization to offer a mentoring program where mentor and mentee can work on. The mentoring program can be customised to meet the needed skills set that the organization is looking for.
            </div>
            <div
              class="css-view-1dbjc4n r-flex-13awgt0"
              style="justify-content: flex-end; margin-bottom: 0px;"
            >
              <div
                class="css-view-1dbjc4n r-flexDirection-18u37iz"
              >
                <div
                  class="css-text-901oao r-marginTop-knv0ih"
                  dir="auto"
                  style="background-color: rgb(189, 106, 170); border-top-left-radius: 4px; border-top-right-radius: 4px; border-bottom-right-radius: 4px; border-bottom-left-radius: 4px; margin-right: 8px; padding: 4px 8px 4px 8px;"
                >
                  react js
                </div>
                <div
                  class="css-text-901oao r-marginTop-knv0ih"
                  dir="auto"
                  style="background-color: rgb(249, 213, 7); border-top-left-radius: 4px; border-top-right-radius: 4px; border-bottom-right-radius: 4px; border-bottom-left-radius: 4px; margin-right: 8px; padding: 4px 8px 4px 8px;"
                >
                  javascript
                </div>
              </div>
              <div
                class="css-view-1dbjc4n r-flexDirection-18u37iz"
              />
            </div>
          </div>
        </div>
        <div
          class="css-view-1dbjc4n r-alignItems-1awozwy"
          style="background-color: rgb(231, 237, 253); border-top-left-radius: 4px; border-top-right-radius: 4px; border-bottom-right-radius: 4px; border-bottom-left-radius: 4px; box-shadow: 0px 2px 4px rgba(0,0,0,0.20); margin: 16px 16px 16px 16px; padding: 12px 12px 12px 12px; transform: scale(1);"
        >
          <div
            class="css-view-1dbjc4n r-flex-13awgt0 r-overflow-1udh08x"
            style="border-top-left-radius: 4px; border-top-right-radius: 4px; border-bottom-right-radius: 4px; border-bottom-left-radius: 4px; width: 286px;"
          >
            <a>
              <div
                class="css-view-1dbjc4n r-flexBasis-1mlwlqe r-overflow-1udh08x r-zIndex-417010"
                style="width: 286px;"
              >
                <div
                  class="css-view-1dbjc4n r-backgroundColor-1niwhzg r-backgroundPosition-vvn4in r-backgroundRepeat-u6sd8q r-backgroundSize-4gszlv r-bottom-1p0dtai r-height-1pi2tsx r-left-1d2f490 r-position-u8s1d r-right-zchlnj r-top-ipm5af r-width-13qz1uu r-zIndex-1wyyakw"
                  style="background-image: url(placeholder.png);"
                />
                <img
                  alt=""
                  class="css-accessibilityImage-9pa8cd"
                  draggable="false"
                  src="placeholder.png"
                />
              </div>
            </a>
            <div
              class="css-text-901oao r-color-1qovj5m r-fontSize-1i10wst r-fontWeight-16dba41 r-marginTop-knv0ih"
              dir="auto"
            >
              Bridge-In-Tech Backend
            </div>
            <div
              class="css-view-1dbjc4n r-alignItems-1awozwy r-flexDirection-18u37iz r-marginTop-knv0ih"
            >
              <a
                href="https://anitab-org.zulipchat.com/#narrow/stream/237630-bridge-in-tech"
                rel="noopener noreferrer"
                target="_blank"
              >
                <div
                  class="css-view-1dbjc4n r-flexBasis-1mlwlqe r-overflow-1udh08x r-zIndex-417010"
                  style="height: 32px; width: 32px;"
                >
                  <div
                    class="css-view-1dbjc4n r-backgroundColor-1niwhzg r-backgroundPosition-vvn4in r-backgroundRepeat-u6sd8q r-backgroundSize-4gszlv r-bottom-1p0dtai r-height-1pi2tsx r-left-1d2f490 r-position-u8s1d r-right-zchlnj r-top-ipm5af r-width-13qz1uu r-zIndex-1wyyakw"
                    style="background-image: url(zulip.png);"
                  />
                  <img
                    alt=""
                    class="css-accessibilityImage-9pa8cd"
                    draggable="false"
                    src="zulip.png"
                  />
                </div>
              </a>
              <a
                href="https://anitab-org.zulipchat.com/#narrow/stream/237630-bridge-in-tech"
                rel="noopener noreferrer"
                target="_blank"
              >
                <div
                  class="css-text-901oao r-color-1qovj5m r-fontSize-1enofrn r-fontWeight-1od2jal r-marginLeft-1jkjb"
                  dir="auto"
                >
                  zulip
                </div>
              </a>
            </div>
            <div
              class="css-view-1dbjc4n r-alignItems-1awozwy r-flexDirection-18u37iz r-marginTop-knv0ih"
            >
              <a
                href="https://github.com/anitab-org/bridge-in-tech-backend"
                rel="noopener noreferrer"
                target="_blank"
              >
                <div
                  class="css-view-1dbjc4n r-flexBasis-1mlwlqe r-overflow-1udh08x r-zIndex-417010"
                  style="height: 32px; width: 32px;"
                >
                  <div
                    class="css-view-1dbjc4n r-backgroundColor-1niwhzg r-backgroundPosition-vvn4in r-backgroundRepeat-u6sd8q r-backgroundSize-4gszlv r-bottom-1p0dtai r-height-1pi2tsx r-left-1d2f490 r-position-u8s1d r-right-zchlnj r-top-ipm5af r-width-13qz1uu r-zIndex-1wyyakw"
                    style="background-image: url(github.png);"
                  />
                  <img
                    alt=""
                    class="css-accessibilityImage-9pa8cd"
                    draggable="false"
                    src="github.png"
                  />
                </div>
              </a>
              <a
                href="https://github.com/anitab-org/bridge-in-tech-backend"
                rel="noopener noreferrer"
                target="_blank"
              >
                <div
                  class="css-text-901oao r-color-1qovj5m r-fontSize-1enofrn r-fontWeight-1od2jal r-marginLeft-1jkjb"
                  dir="auto"
                >
                  github
                </div>
              </a>
            </div>
            <div
              class="css-text-901oao r-color-1qovj5m r-fontSize-1b43r93 r-fontWeight-aruset r-marginTop-knv0ih"
              dir="auto"
            >
              Backend REST API for Bridge-In-Tech - an application that encourages active collaboration between organization, mentor and mentee, by allowing organization to offer a mentoring program where mentor and mentee can work on. The mentoring program can be customised to meet the needed skills set that the organization is looking for.
            </div>
            <div
              class="css-view-1dbjc4n r-flex-13awgt0"
              style="justify-content: flex-end; margin-bottom: 0px;"
            >
              <div
                class="css-view-1dbjc4n r-flexDirection-18u37iz"
              >
                <div
                  class="css-text-901oao r-marginTop-knv0ih"
                  dir="auto"
                  style="background-color: rgb(248, 151, 43); border-top-left-radius: 4px; border-top-right-radius: 4px; border-bottom-right-radius: 4px; border-bottom-left-radius: 4px; margin-right: 8px; padding: 4px 8px 4px 8px;"
                >
                  flask
                </div>
                <div
                  class="css-text-901oao r-marginTop-knv0ih"
                  dir="auto"
                  style="background-color: rgb(193, 215, 46); border-top-left-radius: 4px; border-top-right-radius: 4px; border-bottom-right-radius: 4px; border-bottom-left-radius: 4px; margin-right: 8px; padding: 4px 8px 4px 8px;"
                >
                  python
                </div>
              </div>
              <div
                class="css-view-1dbjc4n r-flexDirection-18u37iz"
              />
            </div>
          </div>
        </div>
        <div
          class="css-view-1dbjc4n r-alignItems-1awozwy"
          style="background-color: rgb(231, 237, 253); border-top-left-radius: 4px; border-top-right-radius: 4px; border-bottom-right-radius: 4px; border-bottom-left-radius: 4px; box-shadow: 0px 2px 4px rgba(0,0,0,0.20); margin: 16px 16px 16px 16px; padding: 12px 12px 12px 12px; transform: scale(1);"
        >
          <div
            class="css-view-1dbjc4n r-flex-13awgt0 r-overflow-1udh08x"
            style="border-top-left-radius: 4px; border-top-right-radius: 4px; border-bottom-right-radius: 4px; border-bottom-left-radius: 4px; width: 286px;"
          >
            <a>
              <div
                class="css-view-1dbjc4n r-flexBasis-1mlwlqe r-overflow-1udh08x r-zIndex-417010"
                style="width: 286px;"
              >
                <div
                  class="css-view-1dbjc4n r-backgroundColor-1niwhzg r-backgroundPosition-vvn4in r-backgroundRepeat-u6sd8q r-backgroundSize-4gszlv r-bottom-1p0dtai r-height-1pi2tsx r-left-1d2f490 r-position-u8s1d r-right-zchlnj r-top-ipm5af r-width-13qz1uu r-zIndex-1wyyakw"
                  style="background-image: url(placeholder.png);"
                />
                <img
                  alt=""
                  class="css-accessibilityImage-9pa8cd"
                  draggable="false"
                  src="placeholder.png"
                />
              </div>
            </a>
            <div
              class="css-text-901oao r-color-1qovj5m r-fontSize-1i10wst r-fontWeight-16dba41 r-marginTop-knv0ih"
              dir="auto"
            >
              AnitaB-forms Web
            </div>
            <div
              class="css-view-1dbjc4n r-alignItems-1awozwy r-flexDirection-18u37iz r-marginTop-knv0ih"
            >
              <a
                href="https://anitab-org.zulipchat.com/#narrow/stream/237907-anitab-forms"
                rel="noopener noreferrer"
                target="_blank"
              >
                <div
                  class="css-view-1dbjc4n r-flexBasis-1mlwlqe r-overflow-1udh08x r-zIndex-417010"
                  style="height: 32px; width: 32px;"
                >
                  <div
                    class="css-view-1dbjc4n r-backgroundColor-1niwhzg r-backgroundPosition-vvn4in r-backgroundRepeat-u6sd8q r-backgroundSize-4gszlv r-bottom-1p0dtai r-height-1pi2tsx r-left-1d2f490 r-position-u8s1d r-right-zchlnj r-top-ipm5af r-width-13qz1uu r-zIndex-1wyyakw"
                    style="background-image: url(zulip.png);"
                  />
                  <img
                    alt=""
                    class="css-accessibilityImage-9pa8cd"
                    draggable="false"
                    src="zulip.png"
                  />
                </div>
              </a>
              <a
                href="https://anitab-org.zulipchat.com/#narrow/stream/237907-anitab-forms"
                rel="noopener noreferrer"
                target="_blank"
              >
                <div
                  class="css-text-901oao r-color-1qovj5m r-fontSize-1enofrn r-fontWeight-1od2jal r-marginLeft-1jkjb"
                  dir="auto"
                >
                  zulip
                </div>
              </a>
            </div>
            <div
              class="css-view-1dbjc4n r-alignItems-1awozwy r-flexDirection-18u37iz r-marginTop-knv0ih"
            >
              <a
                href="https://github.com/anitab-org/anitab-forms-web"
                rel="noopener noreferrer"
                target="_blank"
              >
                <div
                  class="css-view-1dbjc4n r-flexBasis-1mlwlqe r-overflow-1udh08x r-zIndex-417010"
                  style="height: 32px; width: 32px;"
                >
                  <div
                    class="css-view-1dbjc4n r-backgroundColor-1niwhzg r-backgroundPosition-vvn4in r-backgroundRepeat-u6sd8q r-backgroundSize-4gszlv r-bottom-1p0dtai r-height-1pi2tsx r-left-1d2f490 r-position-u8s1d r-right-zchlnj r-top-ipm5af r-width-13qz1uu r-zIndex-1wyyakw"
                    style="background-image: url(github.png);"
                  />
                  <img
                    alt=""
                    class="css-accessibilityImage-9pa8cd"
                    draggable="false"
                    src="github.png"
                  />
                </div>
              </a>
              <a
                href="https://github.com/anitab-org/anitab-forms-web"
                rel="noopener noreferrer"
                target="_blank"
              >
                <div
                  class="css-text-901oao r-color-1qovj5m r-fontSize-1enofrn r-fontWeight-1od2jal r-marginLeft-1jkjb"
                  dir="auto"
                >
                  github
                </div>
              </a>
            </div>
            <div
              class="css-view-1dbjc4n r-alignItems-1awozwy r-flexDirection-18u37iz r-marginTop-knv0ih"
            >
              <a
                href="https://anitab-org.github.io/anitab-forms-web/"
                rel="noopener noreferrer"
                target="_blank"
              >
                <div
                  class="css-view-1dbjc4n r-flexBasis-1mlwlqe r-overflow-1udh08x r-zIndex-417010"
                  style="height: 32px; width: 32px;"
                >
                  <div
                    class="css-view-1dbjc4n r-backgroundColor-1niwhzg r-backgroundPosition-vvn4in r-backgroundRepeat-u6sd8q r-backgroundSize-4gszlv r-bottom-1p0dtai r-height-1pi2tsx r-left-1d2f490 r-position-u8s1d r-right-zchlnj r-top-ipm5af r-width-13qz1uu r-zIndex-1wyyakw"
                    style="background-image: url(docs.png);"
                  />
                  <img
                    alt=""
                    class="css-accessibilityImage-9pa8cd"
                    draggable="false"
                    src="docs.png"
                  />
                </div>
              </a>
              <a
                href="https://anitab-org.github.io/anitab-forms-web/"
                rel="noopener noreferrer"
                target="_blank"
              >
                <div
                  class="css-text-901oao r-color-1qovj5m r-fontSize-1enofrn r-fontWeight-1od2jal r-marginLeft-1jkjb"
                  dir="auto"
                >
                  docs
                </div>
              </a>
            </div>
            <div
              class="css-text-901oao r-color-1qovj5m r-fontSize-1b43r93 r-fontWeight-aruset r-marginTop-knv0ih"
              dir="auto"
            >
              Frontend of AnitaB-forms - an application that simplifies the processing and selection procedure of Open Source Programs of AnitaB.org Open Source or other third-party programs.
            </div>
            <div
              class="css-view-1dbjc4n r-flex-13awgt0"
              style="justify-content: flex-end; margin-bottom: 0px;"
            >
              <div
                class="css-view-1dbjc4n r-flexDirection-18u37iz"
              >
                <div
                  class="css-text-901oao r-marginTop-knv0ih"
                  dir="auto"
                  style="background-color: rgb(189, 106, 170); border-top-left-radius: 4px; border-top-right-radius: 4px; border-bottom-right-radius: 4px; border-bottom-left-radius: 4px; margin-right: 8px; padding: 4px 8px 4px 8px;"
                >
                  react js
                </div>
                <div
                  class="css-text-901oao r-marginTop-knv0ih"
                  dir="auto"
                  style="background-color: rgb(249, 213, 7); border-top-left-radius: 4px; border-top-right-radius: 4px; border-bottom-right-radius: 4px; border-bottom-left-radius: 4px; margin-right: 8px; padding: 4px 8px 4px 8px;"
                >
                  javascript
                </div>
              </div>
              <div
                class="css-view-1dbjc4n r-flexDirection-18u37iz"
              />
            </div>
          </div>
        </div>
        <div
          class="css-view-1dbjc4n r-alignItems-1awozwy"
          style="background-color: rgb(231, 237, 253); border-top-left-radius: 4px; border-top-right-radius: 4px; border-bottom-right-radius: 4px; border-bottom-left-radius: 4px; box-shadow: 0px 2px 4px rgba(0,0,0,0.20); margin: 16px 16px 16px 16px; padding: 12px 12px 12px 12px; transform: scale(1);"
        >
          <div
            class="css-view-1dbjc4n r-flex-13awgt0 r-overflow-1udh08x"
            style="border-top-left-radius: 4px; border-top-right-radius: 4px; border-bottom-right-radius: 4px; border-bottom-left-radius: 4px; width: 286px;"
          >
            <a>
              <div
                class="css-view-1dbjc4n r-flexBasis-1mlwlqe r-overflow-1udh08x r-zIndex-417010"
                style="width: 286px;"
              >
                <div
                  class="css-view-1dbjc4n r-backgroundColor-1niwhzg r-backgroundPosition-vvn4in r-backgroundRepeat-u6sd8q r-backgroundSize-4gszlv r-bottom-1p0dtai r-height-1pi2tsx r-left-1d2f490 r-position-u8s1d r-right-zchlnj r-top-ipm5af r-width-13qz1uu r-zIndex-1wyyakw"
                  style="background-image: url(placeholder.png);"
                />
                <img
                  alt=""
                  class="css-accessibilityImage-9pa8cd"
                  draggable="false"
                  src="placeholder.png"
                />
              </div>
            </a>
            <div
              class="css-text-901oao r-color-1qovj5m r-fontSize-1i10wst r-fontWeight-16dba41 r-marginTop-knv0ih"
              dir="auto"
            >
              AnitaB-forms Backend
            </div>
            <div
              class="css-view-1dbjc4n r-alignItems-1awozwy r-flexDirection-18u37iz r-marginTop-knv0ih"
            >
              <a
                href="https://anitab-org.zulipchat.com/#narrow/stream/237907-anitab-forms"
                rel="noopener noreferrer"
                target="_blank"
              >
                <div
                  class="css-view-1dbjc4n r-flexBasis-1mlwlqe r-overflow-1udh08x r-zIndex-417010"
                  style="height: 32px; width: 32px;"
                >
                  <div
                    class="css-view-1dbjc4n r-backgroundColor-1niwhzg r-backgroundPosition-vvn4in r-backgroundRepeat-u6sd8q r-backgroundSize-4gszlv r-bottom-1p0dtai r-height-1pi2tsx r-left-1d2f490 r-position-u8s1d r-right-zchlnj r-top-ipm5af r-width-13qz1uu r-zIndex-1wyyakw"
                    style="background-image: url(zulip.png);"
                  />
                  <img
                    alt=""
                    class="css-accessibilityImage-9pa8cd"
                    draggable="false"
                    src="zulip.png"
                  />
                </div>
              </a>
              <a
                href="https://anitab-org.zulipchat.com/#narrow/stream/237907-anitab-forms"
                rel="noopener noreferrer"
                target="_blank"
              >
                <div
                  class="css-text-901oao r-color-1qovj5m r-fontSize-1enofrn r-fontWeight-1od2jal r-marginLeft-1jkjb"
                  dir="auto"
                >
                  zulip
                </div>
              </a>
            </div>
            <div
              class="css-view-1dbjc4n r-alignItems-1awozwy r-flexDirection-18u37iz r-marginTop-knv0ih"
            >
              <a
                href="https://github.com/anitab-org/open-source-programs-backend"
                rel="noopener noreferrer"
                target="_blank"
              >
                <div
                  class="css-view-1dbjc4n r-flexBasis-1mlwlqe r-overflow-1udh08x r-zIndex-417010"
                  style="height: 32px; width: 32px;"
                >
                  <div
                    class="css-view-1dbjc4n r-backgroundColor-1niwhzg r-backgroundPosition-vvn4in r-backgroundRepeat-u6sd8q r-backgroundSize-4gszlv r-bottom-1p0dtai r-height-1pi2tsx r-left-1d2f490 r-position-u8s1d r-right-zchlnj r-top-ipm5af r-width-13qz1uu r-zIndex-1wyyakw"
                    style="background-image: url(github.png);"
                  />
                  <img
                    alt=""
                    class="css-accessibilityImage-9pa8cd"
                    draggable="false"
                    src="github.png"
                  />
                </div>
              </a>
              <a
                href="https://github.com/anitab-org/open-source-programs-backend"
                rel="noopener noreferrer"
                target="_blank"
              >
                <div
                  class="css-text-901oao r-color-1qovj5m r-fontSize-1enofrn r-fontWeight-1od2jal r-marginLeft-1jkjb"
                  dir="auto"
                >
                  github
                </div>
              </a>
            </div>
            <div
              class="css-text-901oao r-color-1qovj5m r-fontSize-1b43r93 r-fontWeight-aruset r-marginTop-knv0ih"
              dir="auto"
            >
              Backend of AnitaB-forms - an application that simplifies the processing and selection procedure of Open Source Programs of AnitaB.org Open Source or other third-party programs.
            </div>
            <div
              class="css-view-1dbjc4n r-flex-13awgt0"
              style="justify-content: flex-end; margin-bottom: 0px;"
            >
              <div
                class="css-view-1dbjc4n r-flexDirection-18u37iz"
              >
                <div
                  class="css-text-901oao r-marginTop-knv0ih"
                  dir="auto"
                  style="background-color: rgb(81, 185, 234); border-top-left-radius: 4px; border-top-right-radius: 4px; border-bottom-right-radius: 4px; border-bottom-left-radius: 4px; margin-right: 8px; padding: 4px 8px 4px 8px;"
                >
                  django
                </div>
                <div
                  class="css-text-901oao r-marginTop-knv0ih"
                  dir="auto"
                  style="background-color: rgb(193, 215, 46); border-top-left-radius: 4px; border-top-right-radius: 4px; border-bottom-right-radius: 4px; border-bottom-left-radius: 4px; margin-right: 8px; padding: 4px 8px 4px 8px;"
                >
                  python
                </div>
              </div>
              <div
                class="css-view-1dbjc4n r-flexDirection-18u37iz"
              />
            </div>
          </div>
        </div>
        <div
          class="css-view-1dbjc4n r-alignItems-1awozwy"
          style="background-color: rgb(231, 237, 253); border-top-left-radius: 4px; border-top-right-radius: 4px; border-bottom-right-radius: 4px; border-bottom-left-radius: 4px; box-shadow: 0px 2px 4px rgba(0,0,0,0.20); margin: 16px 16px 16px 16px; padding: 12px 12px 12px 12px; transform: scale(1);"
        >
          <div
            class="css-view-1dbjc4n r-flex-13awgt0 r-overflow-1udh08x"
            style="border-top-left-radius: 4px; border-top-right-radius: 4px; border-bottom-right-radius: 4px; border-bottom-left-radius: 4px; width: 286px;"
          >
            <a>
              <div
                class="css-view-1dbjc4n r-flexBasis-1mlwlqe r-overflow-1udh08x r-zIndex-417010"
                style="width: 286px;"
              >
                <div
                  class="css-view-1dbjc4n r-backgroundColor-1niwhzg r-backgroundPosition-vvn4in r-backgroundRepeat-u6sd8q r-backgroundSize-4gszlv r-bottom-1p0dtai r-height-1pi2tsx r-left-1d2f490 r-position-u8s1d r-right-zchlnj r-top-ipm5af r-width-13qz1uu r-zIndex-1wyyakw"
                  style="background-image: url(placeholder.png);"
                />
                <img
                  alt=""
                  class="css-accessibilityImage-9pa8cd"
                  draggable="false"
                  src="placeholder.png"
                />
              </div>
            </a>
            <div
              class="css-text-901oao r-color-1qovj5m r-fontSize-1i10wst r-fontWeight-16dba41 r-marginTop-knv0ih"
              dir="auto"
            >
              Stem Diverse TV
            </div>
            <div
              class="css-view-1dbjc4n r-alignItems-1awozwy r-flexDirection-18u37iz r-marginTop-knv0ih"
            >
              <a
                href="https://anitab-org.zulipchat.com/#narrow/stream/225705-STEM-diverse-tv"
                rel="noopener noreferrer"
                target="_blank"
              >
                <div
                  class="css-view-1dbjc4n r-flexBasis-1mlwlqe r-overflow-1udh08x r-zIndex-417010"
                  style="height: 32px; width: 32px;"
                >
                  <div
                    class="css-view-1dbjc4n r-backgroundColor-1niwhzg r-backgroundPosition-vvn4in r-backgroundRepeat-u6sd8q r-backgroundSize-4gszlv r-bottom-1p0dtai r-height-1pi2tsx r-left-1d2f490 r-position-u8s1d r-right-zchlnj r-top-ipm5af r-width-13qz1uu r-zIndex-1wyyakw"
                    style="background-image: url(zulip.png);"
                  />
                  <img
                    alt=""
                    class="css-accessibilityImage-9pa8cd"
                    draggable="false"
                    src="zulip.png"
                  />
                </div>
              </a>
              <a
                href="https://anitab-org.zulipchat.com/#narrow/stream/225705-STEM-diverse-tv"
                rel="noopener noreferrer"
                target="_blank"
              >
                <div
                  class="css-text-901oao r-color-1qovj5m r-fontSize-1enofrn r-fontWeight-1od2jal r-marginLeft-1jkjb"
                  dir="auto"
                >
                  zulip
                </div>
              </a>
            </div>
            <div
              class="css-view-1dbjc4n r-alignItems-1awozwy r-flexDirection-18u37iz r-marginTop-knv0ih"
            >
              <a
                href="https://github.com/anitab-org/stem-diverse-tv"
                rel="noopener noreferrer"
                target="_blank"
              >
                <div
                  class="css-view-1dbjc4n r-flexBasis-1mlwlqe r-overflow-1udh08x r-zIndex-417010"
                  style="height: 32px; width: 32px;"
                >
                  <div
                    class="css-view-1dbjc4n r-backgroundColor-1niwhzg r-backgroundPosition-vvn4in r-backgroundRepeat-u6sd8q r-backgroundSize-4gszlv r-bottom-1p0dtai r-height-1pi2tsx r-left-1d2f490 r-position-u8s1d r-right-zchlnj r-top-ipm5af r-width-13qz1uu r-zIndex-1wyyakw"
                    style="background-image: url(github.png);"
                  />
                  <img
                    alt=""
                    class="css-accessibilityImage-9pa8cd"
                    draggable="false"
                    src="github.png"
                  />
                </div>
              </a>
              <a
                href="https://github.com/anitab-org/stem-diverse-tv"
                rel="noopener noreferrer"
                target="_blank"
              >
                <div
                  class="css-text-901oao r-color-1qovj5m r-fontSize-1enofrn r-fontWeight-1od2jal r-marginLeft-1jkjb"
                  dir="auto"
                >
                  github
                </div>
              </a>
            </div>
            <div
              class="css-view-1dbjc4n r-alignItems-1awozwy r-flexDirection-18u37iz r-marginTop-knv0ih"
            >
              <a
                href="https://anitab-org.github.io/stem-diverse-tv/"
                rel="noopener noreferrer"
                target="_blank"
              >
                <div
                  class="css-view-1dbjc4n r-flexBasis-1mlwlqe r-overflow-1udh08x r-zIndex-417010"
                  style="height: 32px; width: 32px;"
                >
                  <div
                    class="css-view-1dbjc4n r-backgroundColor-1niwhzg r-backgroundPosition-vvn4in r-backgroundRepeat-u6sd8q r-backgroundSize-4gszlv r-bottom-1p0dtai r-height-1pi2tsx r-left-1d2f490 r-position-u8s1d r-right-zchlnj r-top-ipm5af r-width-13qz1uu r-zIndex-1wyyakw"
                    style="background-image: url(docs.png);"
                  />
                  <img
                    alt=""
                    class="css-accessibilityImage-9pa8cd"
                    draggable="false"
                    src="docs.png"
                  />
                </div>
              </a>
              <a
                href="https://anitab-org.github.io/stem-diverse-tv/"
                rel="noopener noreferrer"
                target="_blank"
              >
                <div
                  class="css-text-901oao r-color-1qovj5m r-fontSize-1enofrn r-fontWeight-1od2jal r-marginLeft-1jkjb"
                  dir="auto"
                >
                  docs
                </div>
              </a>
            </div>
            <div
              class="css-text-901oao r-color-1qovj5m r-fontSize-1b43r93 r-fontWeight-aruset r-marginTop-knv0ih"
              dir="auto"
            >
              STEM Diverse TV is an app which provides inspiring, motivating, supportive, educational and informative videos to promote and increase diversity in STEM.
            </div>
            <div
              class="css-view-1dbjc4n r-flex-13awgt0"
              style="justify-content: flex-end; margin-bottom: 0px;"
            >
              <div
                class="css-view-1dbjc4n r-flexDirection-18u37iz"
              >
                <div
                  class="css-text-901oao r-marginTop-knv0ih"
                  dir="auto"
                  style="background-color: rgb(248, 151, 43); border-top-left-radius: 4px; border-top-right-radius: 4px; border-bottom-right-radius: 4px; border-bottom-left-radius: 4px; margin-right: 8px; padding: 4px 8px 4px 8px;"
                >
                  flask
                </div>
                <div
                  class="css-text-901oao r-marginTop-knv0ih"
                  dir="auto"
                  style="background-color: rgb(193, 215, 46); border-top-left-radius: 4px; border-top-right-radius: 4px; border-bottom-right-radius: 4px; border-bottom-left-radius: 4px; margin-right: 8px; padding: 4px 8px 4px 8px;"
                >
                  python
                </div>
              </div>
              <div
                class="css-view-1dbjc4n r-flexDirection-18u37iz"
              />
            </div>
          </div>
        </div>
        <div
          class="css-view-1dbjc4n r-alignItems-1awozwy"
          style="background-color: rgb(231, 237, 253); border-top-left-radius: 4px; border-top-right-radius: 4px; border-bottom-right-radius: 4px; border-bottom-left-radius: 4px; box-shadow: 0px 2px 4px rgba(0,0,0,0.20); margin: 16px 16px 16px 16px; padding: 12px 12px 12px 12px; transform: scale(1);"
        >
          <div
            class="css-view-1dbjc4n r-flex-13awgt0 r-overflow-1udh08x"
            style="border-top-left-radius: 4px; border-top-right-radius: 4px; border-bottom-right-radius: 4px; border-bottom-left-radius: 4px; width: 286px;"
          >
            <a>
              <div
                class="css-view-1dbjc4n r-flexBasis-1mlwlqe r-overflow-1udh08x r-zIndex-417010"
                style="width: 286px;"
              >
                <div
                  class="css-view-1dbjc4n r-backgroundColor-1niwhzg r-backgroundPosition-vvn4in r-backgroundRepeat-u6sd8q r-backgroundSize-4gszlv r-bottom-1p0dtai r-height-1pi2tsx r-left-1d2f490 r-position-u8s1d r-right-zchlnj r-top-ipm5af r-width-13qz1uu r-zIndex-1wyyakw"
                  style="background-image: url(placeholder.png);"
                />
                <img
                  alt=""
                  class="css-accessibilityImage-9pa8cd"
                  draggable="false"
                  src="placeholder.png"
                />
              </div>
            </a>
            <div
              class="css-text-901oao r-color-1qovj5m r-fontSize-1i10wst r-fontWeight-16dba41 r-marginTop-knv0ih"
              dir="auto"
            >
              Stem Diverse TV CMS
            </div>
            <div
              class="css-view-1dbjc4n r-alignItems-1awozwy r-flexDirection-18u37iz r-marginTop-knv0ih"
            >
              <a
                href="https://anitab-org.zulipchat.com/#narrow/stream/225705-STEM-diverse-tv"
                rel="noopener noreferrer"
                target="_blank"
              >
                <div
                  class="css-view-1dbjc4n r-flexBasis-1mlwlqe r-overflow-1udh08x r-zIndex-417010"
                  style="height: 32px; width: 32px;"
                >
                  <div
                    class="css-view-1dbjc4n r-backgroundColor-1niwhzg r-backgroundPosition-vvn4in r-backgroundRepeat-u6sd8q r-backgroundSize-4gszlv r-bottom-1p0dtai r-height-1pi2tsx r-left-1d2f490 r-position-u8s1d r-right-zchlnj r-top-ipm5af r-width-13qz1uu r-zIndex-1wyyakw"
                    style="background-image: url(zulip.png);"
                  />
                  <img
                    alt=""
                    class="css-accessibilityImage-9pa8cd"
                    draggable="false"
                    src="zulip.png"
                  />
                </div>
              </a>
              <a
                href="https://anitab-org.zulipchat.com/#narrow/stream/225705-STEM-diverse-tv"
                rel="noopener noreferrer"
                target="_blank"
              >
                <div
                  class="css-text-901oao r-color-1qovj5m r-fontSize-1enofrn r-fontWeight-1od2jal r-marginLeft-1jkjb"
                  dir="auto"
                >
                  zulip
                </div>
              </a>
            </div>
            <div
              class="css-view-1dbjc4n r-alignItems-1awozwy r-flexDirection-18u37iz r-marginTop-knv0ih"
            >
              <a
                href="https://github.com/anitab-org/stem-diverse-tv-cms"
                rel="noopener noreferrer"
                target="_blank"
              >
                <div
                  class="css-view-1dbjc4n r-flexBasis-1mlwlqe r-overflow-1udh08x r-zIndex-417010"
                  style="height: 32px; width: 32px;"
                >
                  <div
                    class="css-view-1dbjc4n r-backgroundColor-1niwhzg r-backgroundPosition-vvn4in r-backgroundRepeat-u6sd8q r-backgroundSize-4gszlv r-bottom-1p0dtai r-height-1pi2tsx r-left-1d2f490 r-position-u8s1d r-right-zchlnj r-top-ipm5af r-width-13qz1uu r-zIndex-1wyyakw"
                    style="background-image: url(github.png);"
                  />
                  <img
                    alt=""
                    class="css-accessibilityImage-9pa8cd"
                    draggable="false"
                    src="github.png"
                  />
                </div>
              </a>
              <a
                href="https://github.com/anitab-org/stem-diverse-tv-cms"
                rel="noopener noreferrer"
                target="_blank"
              >
                <div
                  class="css-text-901oao r-color-1qovj5m r-fontSize-1enofrn r-fontWeight-1od2jal r-marginLeft-1jkjb"
                  dir="auto"
                >
                  github
                </div>
              </a>
            </div>
            <div
              class="css-text-901oao r-color-1qovj5m r-fontSize-1b43r93 r-fontWeight-aruset r-marginTop-knv0ih"
              dir="auto"
            >
              CMS for managing content of STEM Diverse TV, an app which provides inspiring, motivating, supportive, educational and informative videos to promote and increase diversity in STEM.
            </div>
            <div
              class="css-view-1dbjc4n r-flex-13awgt0"
              style="justify-content: flex-end; margin-bottom: 0px;"
            >
              <div
                class="css-view-1dbjc4n r-flexDirection-18u37iz"
              >
                <div
                  class="css-text-901oao r-marginTop-knv0ih"
                  dir="auto"
                  style="background-color: rgb(189, 106, 170); border-top-left-radius: 4px; border-top-right-radius: 4px; border-bottom-right-radius: 4px; border-bottom-left-radius: 4px; margin-right: 8px; padding: 4px 8px 4px 8px;"
                >
                  react js
                </div>
                <div
                  class="css-text-901oao r-marginTop-knv0ih"
                  dir="auto"
                  style="background-color: rgb(249, 213, 7); border-top-left-radius: 4px; border-top-right-radius: 4px; border-bottom-right-radius: 4px; border-bottom-left-radius: 4px; margin-right: 8px; padding: 4px 8px 4px 8px;"
                >
                  javascript
                </div>
              </div>
              <div
                class="css-view-1dbjc4n r-flexDirection-18u37iz"
              />
            </div>
          </div>
        </div>
      </div>
    </div>
  </div>
</DocumentFragment>
`;
